Microchip MPLAB XC8 Compiler V1.33 ()

Linker command line:

--edf=C:\Program Files (x86)\Microchip\xc8\v1.33\dat\en_msgs.txt -cs \
  -h+dist/default/production\KONTROLER_TRANSPORTA.X.production.sym \
  --cmf=dist/default/production\KONTROLER_TRANSPORTA.X.production.cmf -z \
  -Q16F1517 -oC:\Users\eldar\AppData\Local\Temp\s12k.6 \
  -Mdist/default/production/KONTROLER_TRANSPORTA.X.production.map -E1 \
  -ver=XC8 -ASTACK=0206Ch-021efh -pstack=STACK -ACONST=00h-0FFhx32 \
  -ACODE=00h-07FFhx4 -ASTRCODE=00h-01FFFh -AENTRY=00h-0FFhx32 \
  -ASTRING=00h-0FFhx32 -ACOMMON=070h-07Fh -ABANK0=020h-06Fh \
  -ABANK1=0A0h-0EFh -ABANK2=0120h-016Fh -ABANK3=01A0h-01EFh \
  -ABANK4=0220h-026Fh -ABANK5=02A0h-02EFh -ABANK6=0320h-032Fh \
  -ABIGRAM=02000h-021EFh \
  -ARAM=020h-06Fh,0A0h-0EFh,0120h-016Fh,01A0h-01EFh,0220h-026Fh,02A0h-02EFh,0320h-032Fh \
  -AABS1=020h-07Fh,0A0h-0EFh,0120h-016Fh,01A0h-01EFh,0220h-026Fh,02A0h-02EFh,0320h-032Fh \
  -ASFR0=00h-01Fh -ASFR1=080h-09Fh -ASFR2=0100h-011Fh -ASFR3=0180h-019Fh \
  -ASFR4=0200h-021Fh -ASFR5=0280h-029Fh -ASFR6=0300h-031Fh \
  -ASFR7=0380h-03EFh -ASFR8=0400h-046Fh -ASFR9=0480h-04EFh \
  -ASFR10=0500h-056Fh -ASFR11=0580h-05EFh -ASFR12=0600h-066Fh \
  -ASFR13=0680h-06EFh -ASFR14=0700h-076Fh -ASFR15=0780h-07EFh \
  -ASFR16=0800h-086Fh -ASFR17=0880h-08EFh -ASFR18=0900h-096Fh \
  -ASFR19=0980h-09EFh -ASFR20=0A00h-0A6Fh -ASFR21=0A80h-0AEFh \
  -ASFR22=0B00h-0B6Fh -ASFR23=0B80h-0BEFh -ASFR24=0C00h-0C6Fh \
  -ASFR25=0C80h-0CEFh -ASFR26=0D00h-0D6Fh -ASFR27=0D80h-0DEFh \
  -ASFR28=0E00h-0E6Fh -ASFR29=0E80h-0EEFh -ASFR30=0F00h-0F6Fh \
  -ASFR31=0F80h-0FEFh -preset_vec=00h,intentry=04h,init,end_init \
  -ppowerup=CODE -pcinit=CODE -pfunctab=CODE -ACONFIG=08007h-08008h \
  -pconfig=CONFIG -DCONFIG=2 -AIDLOC=08000h-08003h -pidloc=IDLOC -DIDLOC=2 \
  -DCODE=2 -DSTRCODE=2 -DSTRING=2 -DCONST=2 -DENTRY=2 -k \
  C:\Users\eldar\AppData\Local\Temp\s12k.obj \
  dist/default/production\KONTROLER_TRANSPORTA.X.production.obj 

Object code version is 3.11

Machine type is 16F1517



                Name                               Link     Load   Length Selector   Space Scale
C:\Users\eldar\AppData\Local\Temp\s12k.obj
                end_init                             6A       6A        2        8       0
                reset_vec                             0        0        2        0       0
                config                             8007     8007        2    1000E       0
dist/default/production\KONTROLER_TRANSPORTA.X.production.obj
                cinit                                6C       6C       16        8       0
                intentry                              4        4       66        8       0
                text24                             15B8     15B8       3D     2B70       0
                text22                             15F5     15F5       3D     2BEA       0
                text21                              912      912       E1     1224       0
                text20                             1675     1675       55     2CEA       0
                text19                             173D     173D       C3     2E7A       0
                text18                             151C     151C       16     2A38       0
                text17                              7E3      7E3       1D        8       0
                text16                              37A      37A      288        8       0
                text15                             1532     1532       17     2A64       0
                text14                             1509     1509       13     2A12       0
                text13                             16CA     16CA       73     2D94       0
                swtext3                            1000     1000       1E     2000       0
                text12                              744      744       9F        8       0
                text11                              80B      80B       28     1016       0
                text10                              833      833       DF     1066       0
                text9                               602      602      142        8       0
                text8                               ADA      ADA       E9     15B4       0
                text7                               9F3      9F3       E7     13E6       0
                text6                               BC3      BC3       E9     1786       0
                text5                               CAC      CAC       E9     1958       0
                swtext2                            101E     101E        A     2000       0
                text4                                82       82      2F8        8       0
                text3                              157D     157D       3B     2AFA       0
                text2                              1632     1632       43     2C64       0
                swtext1                             800      800        A     1000       0
                text1                               D95      D95      26B     1B2A       0
                maintext                           1549     1549       34     2A92       0
                cstackCOMMON                         70       70        9       70       1
                cstackBANK1                          BA       BA        2       A0       1
                clrtext                            1503     1503        6     2A06       0
                bssBANK1                             A0       A0       1A       A0       1
                bssBANK0                             20       20       4E       20       1
                bssCOMMON                            79       79        3       70       1
                nvBANK0                              6E       6E        1       20       1

TOTAL           Name                               Link     Load   Length     Space
        CLASS   STACK          

        CLASS   CONST          
                swtext3                            1000     1000       1E         0
                swtext2                            101E     101E        A         0
                swtext1                             800      800        A         0

        CLASS   CODE           
                end_init                             6A       6A        2         0
                cinit                                6C       6C       16         0
                intentry                              4        4       66         0
                reset_vec                             0        0        2         0
                text24                             15B8     15B8       3D         0
                text22                             15F5     15F5       3D         0
                text21                              912      912       E1         0
                text20                             1675     1675       55         0
                text19                             173D     173D       C3         0
                text18                             151C     151C       16         0
                text17                              7E3      7E3       1D         0
                text16                              37A      37A      288         0
                text15                             1532     1532       17         0
                text14                             1509     1509       13         0
                text13                             16CA     16CA       73         0
                text12                              744      744       9F         0
                text11                              80B      80B       28         0
                text10                              833      833       DF         0
                text9                               602      602      142         0
                text8                               ADA      ADA       E9         0
                text7                               9F3      9F3       E7         0
                text6                               BC3      BC3       E9         0
                text5                               CAC      CAC       E9         0
                text4                                82       82      2F8         0
                text3                              157D     157D       3B         0
                text2                              1632     1632       43         0
                text1                               D95      D95      26B         0
                maintext                           1549     1549       34         0
                clrtext                            1503     1503        6         0

        CLASS   STRCODE        

        CLASS   ENTRY          

        CLASS   STRING         

        CLASS   COMMON         
                cstackCOMMON                         70       70        9         1
                bssCOMMON                            79       79        3         1

        CLASS   BANK0          
                bssBANK0                             20       20       4E         1
                nvBANK0                              6E       6E        1         1

        CLASS   BANK1          
                cstackBANK1                          BA       BA        2         1
                bssBANK1                             A0       A0       1A         1

        CLASS   BANK2          

        CLASS   BANK3          

        CLASS   BANK4          

        CLASS   BANK5          

        CLASS   BANK6          

        CLASS   BIGRAM         

        CLASS   RAM            

        CLASS   ABS1           
                abs_s1                               7E       7E        2         1

        CLASS   SFR0           

        CLASS   SFR1           

        CLASS   SFR2           

        CLASS   SFR3           

        CLASS   SFR4           

        CLASS   SFR5           

        CLASS   SFR6           

        CLASS   SFR7           

        CLASS   SFR8           

        CLASS   SFR9           

        CLASS   SFR10          

        CLASS   SFR11          

        CLASS   SFR12          

        CLASS   SFR13          

        CLASS   SFR14          

        CLASS   SFR15          

        CLASS   SFR16          

        CLASS   SFR17          

        CLASS   SFR18          

        CLASS   SFR19          

        CLASS   SFR20          

        CLASS   SFR21          

        CLASS   SFR22          

        CLASS   SFR23          

        CLASS   SFR24          

        CLASS   SFR25          

        CLASS   SFR26          

        CLASS   SFR27          

        CLASS   SFR28          

        CLASS   SFR29          

        CLASS   SFR30          

        CLASS   SFR31          

        CLASS   CONFIG         
                config                             8007     8007        2         0

        CLASS   IDLOC          

        CLASS   BANK31         

        CLASS   BANK30         

        CLASS   BANK29         

        CLASS   BANK28         

        CLASS   BANK27         

        CLASS   BANK26         

        CLASS   BANK25         

        CLASS   BANK24         

        CLASS   BANK23         

        CLASS   BANK22         

        CLASS   BANK21         

        CLASS   BANK20         

        CLASS   BANK19         

        CLASS   BANK18         

        CLASS   BANK17         

        CLASS   BANK16         

        CLASS   BANK15         

        CLASS   BANK14         

        CLASS   BANK13         

        CLASS   BANK12         

        CLASS   BANK11         

        CLASS   BANK10         

        CLASS   BANK9          

        CLASS   BANK8          

        CLASS   BANK7          

        CLASS   EEDATA         



SEGMENTS        Name                           Load    Length   Top    Selector   Space  Class     Delta

                reset_vec                      000000  000002  000002         0       0  CODE        2
                intentry                       000004  0007FC  000800         8       0  CODE        2
                bssBANK0                       000020  00004F  00006F        20       1  BANK0       1
                cstackCOMMON                   000070  00000C  00007C        70       1  COMMON      1
                bssBANK1                       0000A0  00001C  0000BC        A0       1  BANK1       1
                swtext1                        000800  00000A  00080A      1000       0  CONST       2
                text11                         00080B  000028  000833      1016       0  CODE        2
                text10                         000833  0000DF  000912      1066       0  CODE        2
                text21                         000912  0000E1  0009F3      1224       0  CODE        2
                text7                          0009F3  0000E7  000ADA      13E6       0  CODE        2
                text8                          000ADA  0000E9  000BC3      15B4       0  CODE        2
                text6                          000BC3  0000E9  000CAC      1786       0  CODE        2
                text5                          000CAC  0000E9  000D95      1958       0  CODE        2
                text1                          000D95  00026B  001000      1B2A       0  CODE        2
                swtext3                        001000  000028  001028      2000       0  CONST       2
                clrtext                        001503  000006  001509      2A06       0  CODE        2
                text14                         001509  000013  00151C      2A12       0  CODE        2
                text18                         00151C  000016  001532      2A38       0  CODE        2
                text15                         001532  000017  001549      2A64       0  CODE        2
                maintext                       001549  000034  00157D      2A92       0  CODE        2
                text3                          00157D  00003B  0015B8      2AFA       0  CODE        2
                text24                         0015B8  00003D  0015F5      2B70       0  CODE        2
                text22                         0015F5  00003D  001632      2BEA       0  CODE        2
                text2                          001632  000043  001675      2C64       0  CODE        2
                text20                         001675  000055  0016CA      2CEA       0  CODE        2
                text13                         0016CA  000073  00173D      2D94       0  CODE        2
                text19                         00173D  0000C3  001800      2E7A       0  CODE        2
                config                         008007  000002  008009     1000E       0  CONFIG      2


UNUSED ADDRESS RANGES

        Name                Unused          Largest block    Delta
        BANK0            0006F-0006F               1           1
        BANK1            000BC-000EF              34           1
        BANK2            00120-0016F              50           1
        BANK3            001A0-001EF              50           1
        BANK4            00220-0026F              50           1
        BANK5            002A0-002EF              50           1
        BANK6            00320-0032F              10           1
        BIGRAM           02000-021EF             1F0           1
        CODE             00002-00003               2           2
                         0080A-0080A               1
                         01028-01502             4DB
                         01800-01FFF             800
        COMMON           0007C-0007D               2           1
        CONST            00002-00003               2           2
                         0080A-0080A               1
                         01028-01502             100
                         01800-01FFF             100
        ENTRY            00002-00003               2           2
                         0080A-0080A               1
                         01028-01502             100
                         01800-01FFF             100
        IDLOC            08000-08003               4           2
        RAM              0006F-0006F               1           1
                         000BC-000EF              34
                         00120-0016F              50
                         001A0-001EF              50
                         00220-0026F              50
                         002A0-002EF              50
                         00320-0032F              10
        SFR0             00000-0001F              20           1
        SFR1             00080-0009F              20           1
        SFR10            00500-0056F              70           1
        SFR11            00580-005EF              70           1
        SFR12            00600-0066F              70           1
        SFR13            00680-006EF              70           1
        SFR14            00700-0076F              70           1
        SFR15            00780-007EF              70           1
        SFR16            00800-0086F              70           1
        SFR17            00880-008EF              70           1
        SFR18            00900-0096F              70           1
        SFR19            00980-009EF              70           1
        SFR2             00100-0011F              20           1
        SFR20            00A00-00A6F              70           1
        SFR21            00A80-00AEF              70           1
        SFR22            00B00-00B6F              70           1
        SFR23            00B80-00BEF              70           1
        SFR24            00C00-00C6F              70           1
        SFR25            00C80-00CEF              70           1
        SFR26            00D00-00D6F              70           1
        SFR27            00D80-00DEF              70           1
        SFR28            00E00-00E6F              70           1
        SFR29            00E80-00EEF              70           1
        SFR3             00180-0019F              20           1
        SFR30            00F00-00F6F              70           1
        SFR31            00F80-00FEF              70           1
        SFR4             00200-0021F              20           1
        SFR5             00280-0029F              20           1
        SFR6             00300-0031F              20           1
        SFR7             00380-003EF              70           1
        SFR8             00400-0046F              70           1
        SFR9             00480-004EF              70           1
        STACK            0206C-021EF             184           1
        STRCODE          00002-00003               2           2
                         0080A-0080A               1
                         01028-01502             4DB
                         01800-01FFF             800
        STRING           00002-00003               2           2
                         0080A-0080A               1
                         01028-01502             100
                         01800-01FFF             100

                                  Symbol Table

?___wmul                       cstackCOMMON 00072
DelayMs@cnt                    cstackCOMMON 00073
DelayMs@i                      cstackCOMMON 00074
DelayS@cnt                     cstackCOMMON 00076
DelayS@i                       cstackCOMMON 00077
SetTimer@period                cstackCOMMON 00074
SetTimer@timer_for_setup       cstackCOMMON 00072
_ADCON0                        (abs)        0009D
_ADCON1                        (abs)        0009E
_ADRESH                        (abs)        0009C
_ADRESL                        (abs)        0009B
_ANSELA                        (abs)        0018C
_ANSELB                        (abs)        0018D
_ANSELC                        (abs)        0018E
_ANSELD                        (abs)        0018F
_ANSELE                        (abs)        00190
_CCP1CON                       (abs)        00293
_CCP2CON                       (abs)        0029A
_CCPR1L                        (abs)        00291
_CCPR2L                        (abs)        00298
_CheckAnalogInput              text16       0037A
_CheckDigitalInput             text21       00912
_CheckSafety                   text20       01675
_CheckTimer                    text19       0173D
_DC1B0                         (abs)        0149C
_DC1B1                         (abs)        0149D
_DC2B0                         (abs)        014D4
_DC2B1                         (abs)        014D5
_DelayMs                       text15       01532
_DelayS                        text14       01509
_FVRCON                        (abs)        00117
_GIE                           (abs)        0005F
_GO_nDONE                      (abs)        004E9
_HC595_Shift                   text22       015F5
_InitRAM                       text18       0151C
_InitSYS                       text13       016CA
_LATA                          (abs)        0010C
_LATB                          (abs)        0010D
_LATC                          (abs)        0010E
_LATE                          (abs)        00110
_PEIE                          (abs)        0005E
_PORTD                         (abs)        0000F
_PR2                           (abs)        0001B
_ProcessCyclon1                text11       0080B
_ProcessFeeder1                text10       00833
_ProcessFeeder2                text9        00602
_ProcessFeeder3                text8        00ADA
_ProcessFeeder4                text7        009F3
_ProcessFeeder5                text6        00BC3
_ProcessFeederCoex             text5        00CAC
_ProcessVacumPump1             text4        00082
_RA4                           (abs)        00064
_RB1                           (abs)        00069
_RB2                           (abs)        0006A
_RB5                           (abs)        0006D
_RC3                           (abs)        00073
_RC4                           (abs)        00074
_RC5                           (abs)        00075
_RE2                           (abs)        00082
_SetAnalogOutput               text3        0157D
_SetRelayOutput                text2        01632
_SetSignalOutput               text1        00D95
_SetTimer                      text12       00744
_T1CON                         (abs)        00018
_T2CON                         (abs)        0001C
_TMR1H                         (abs)        00017
_TMR1IE                        (abs)        00488
_TMR1IF                        (abs)        00088
_TMR1L                         (abs)        00016
_TRISA                         (abs)        0008C
_TRISB                         (abs)        0008D
_TRISC                         (abs)        0008E
_TRISD                         (abs)        0008F
_TRISE                         (abs)        00090
__CFG_BOREN$ON                 (abs)        00000
__CFG_BORV$LO                  (abs)        00000
__CFG_CLKOUTEN$OFF             (abs)        00000
__CFG_CP$OFF                   (abs)        00000
__CFG_FCMEN$ON                 (abs)        00000
__CFG_FOSC$HS                  (abs)        00000
__CFG_IESO$OFF                 (abs)        00000
__CFG_LPBOR$OFF                (abs)        00000
__CFG_LVP$OFF                  (abs)        00000
__CFG_MCLRE$ON                 (abs)        00000
__CFG_PWRTE$OFF                (abs)        00000
__CFG_STVREN$ON                (abs)        00000
__CFG_VCAPEN$OFF               (abs)        00000
__CFG_WDTE$OFF                 (abs)        00000
__CFG_WRT$OFF                  (abs)        00000
__Habs1                        abs1         00000
__Hbank0                       bank0        00000
__Hbank1                       bank1        00000
__Hbank10                      bank10       00000
__Hbank11                      bank11       00000
__Hbank12                      bank12       00000
__Hbank13                      bank13       00000
__Hbank14                      bank14       00000
__Hbank15                      bank15       00000
__Hbank16                      bank16       00000
__Hbank17                      bank17       00000
__Hbank18                      bank18       00000
__Hbank19                      bank19       00000
__Hbank2                       bank2        00000
__Hbank20                      bank20       00000
__Hbank21                      bank21       00000
__Hbank22                      bank22       00000
__Hbank23                      bank23       00000
__Hbank24                      bank24       00000
__Hbank25                      bank25       00000
__Hbank26                      bank26       00000
__Hbank27                      bank27       00000
__Hbank28                      bank28       00000
__Hbank29                      bank29       00000
__Hbank3                       bank3        00000
__Hbank30                      bank30       00000
__Hbank31                      bank31       00000
__Hbank4                       bank4        00000
__Hbank5                       bank5        00000
__Hbank6                       bank6        00000
__Hbank7                       bank7        00000
__Hbank8                       bank8        00000
__Hbank9                       bank9        00000
__Hbigram                      bigram       00000
__HbssBANK0                    bssBANK0     00000
__HbssBANK1                    bssBANK1     00000
__HbssCOMMON                   bssCOMMON    00000
__Hcinit                       cinit        00082
__Hclrtext                     clrtext      00000
__Hcode                        code         00000
__Hcommon                      common       00000
__Hconfig                      config       08009
__HcstackBANK1                 cstackBANK1  00000
__HcstackCOMMON                cstackCOMMON 00000
__Heeprom_data                 eeprom_data  00000
__Hend_init                    end_init     0006C
__Hfunctab                     functab      00000
__Hidloc                       idloc        00000
__Hinit                        init         0006A
__Hintentry                    intentry     0006A
__Hmaintext                    maintext     00000
__HnvBANK0                     nvBANK0      00000
__Hpowerup                     powerup      00000
__Hram                         ram          00000
__Hreset_vec                   reset_vec    00002
__Hsfr0                        sfr0         00000
__Hsfr1                        sfr1         00000
__Hsfr10                       sfr10        00000
__Hsfr11                       sfr11        00000
__Hsfr12                       sfr12        00000
__Hsfr13                       sfr13        00000
__Hsfr14                       sfr14        00000
__Hsfr15                       sfr15        00000
__Hsfr16                       sfr16        00000
__Hsfr17                       sfr17        00000
__Hsfr18                       sfr18        00000
__Hsfr19                       sfr19        00000
__Hsfr2                        sfr2         00000
__Hsfr20                       sfr20        00000
__Hsfr21                       sfr21        00000
__Hsfr22                       sfr22        00000
__Hsfr23                       sfr23        00000
__Hsfr24                       sfr24        00000
__Hsfr25                       sfr25        00000
__Hsfr26                       sfr26        00000
__Hsfr27                       sfr27        00000
__Hsfr28                       sfr28        00000
__Hsfr29                       sfr29        00000
__Hsfr3                        sfr3         00000
__Hsfr30                       sfr30        00000
__Hsfr31                       sfr31        00000
__Hsfr4                        sfr4         00000
__Hsfr5                        sfr5         00000
__Hsfr6                        sfr6         00000
__Hsfr7                        sfr7         00000
__Hsfr8                        sfr8         00000
__Hsfr9                        sfr9         00000
__Hspace_0                     (abs)        08009
__Hspace_1                     (abs)        000BC
__Hspace_2                     (abs)        00000
__Hspace_3                     (abs)        00000
__Hstack                       stack        00000
__Hstrings                     strings      00000
__Htext                        text         00000
__Labs1                        abs1         00000
__Lbank0                       bank0        00000
__Lbank1                       bank1        00000
__Lbank10                      bank10       00000
__Lbank11                      bank11       00000
__Lbank12                      bank12       00000
__Lbank13                      bank13       00000
__Lbank14                      bank14       00000
__Lbank15                      bank15       00000
__Lbank16                      bank16       00000
__Lbank17                      bank17       00000
__Lbank18                      bank18       00000
__Lbank19                      bank19       00000
__Lbank2                       bank2        00000
__Lbank20                      bank20       00000
__Lbank21                      bank21       00000
__Lbank22                      bank22       00000
__Lbank23                      bank23       00000
__Lbank24                      bank24       00000
__Lbank25                      bank25       00000
__Lbank26                      bank26       00000
__Lbank27                      bank27       00000
__Lbank28                      bank28       00000
__Lbank29                      bank29       00000
__Lbank3                       bank3        00000
__Lbank30                      bank30       00000
__Lbank31                      bank31       00000
__Lbank4                       bank4        00000
__Lbank5                       bank5        00000
__Lbank6                       bank6        00000
__Lbank7                       bank7        00000
__Lbank8                       bank8        00000
__Lbank9                       bank9        00000
__Lbigram                      bigram       00000
__LbssBANK0                    bssBANK0     00000
__LbssBANK1                    bssBANK1     00000
__LbssCOMMON                   bssCOMMON    00000
__Lcinit                       cinit        0006C
__Lclrtext                     clrtext      00000
__Lcode                        code         00000
__Lcommon                      common       00000
__Lconfig                      config       08007
__LcstackBANK1                 cstackBANK1  00000
__LcstackCOMMON                cstackCOMMON 00000
__Leeprom_data                 eeprom_data  00000
__Lend_init                    end_init     0006A
__Lfunctab                     functab      00000
__Lidloc                       idloc        00000
__Linit                        init         0006A
__Lintentry                    intentry     00004
__Lmaintext                    maintext     00000
__LnvBANK0                     nvBANK0      00000
__Lpowerup                     powerup      00000
__Lram                         ram          00000
__Lreset_vec                   reset_vec    00000
__Lsfr0                        sfr0         00000
__Lsfr1                        sfr1         00000
__Lsfr10                       sfr10        00000
__Lsfr11                       sfr11        00000
__Lsfr12                       sfr12        00000
__Lsfr13                       sfr13        00000
__Lsfr14                       sfr14        00000
__Lsfr15                       sfr15        00000
__Lsfr16                       sfr16        00000
__Lsfr17                       sfr17        00000
__Lsfr18                       sfr18        00000
__Lsfr19                       sfr19        00000
__Lsfr2                        sfr2         00000
__Lsfr20                       sfr20        00000
__Lsfr21                       sfr21        00000
__Lsfr22                       sfr22        00000
__Lsfr23                       sfr23        00000
__Lsfr24                       sfr24        00000
__Lsfr25                       sfr25        00000
__Lsfr26                       sfr26        00000
__Lsfr27                       sfr27        00000
__Lsfr28                       sfr28        00000
__Lsfr29                       sfr29        00000
__Lsfr3                        sfr3         00000
__Lsfr30                       sfr30        00000
__Lsfr31                       sfr31        00000
__Lsfr4                        sfr4         00000
__Lsfr5                        sfr5         00000
__Lsfr6                        sfr6         00000
__Lsfr7                        sfr7         00000
__Lsfr8                        sfr8         00000
__Lsfr9                        sfr9         00000
__Lspace_0                     (abs)        00000
__Lspace_1                     (abs)        00000
__Lspace_2                     (abs)        00000
__Lspace_3                     (abs)        00000
__Lstack                       stack        00000
__Lstrings                     strings      00000
__Ltext                        text         00000
__S0                           (abs)        08009
__S1                           (abs)        000BC
__S2                           (abs)        00000
___int_sp                      stack        00000
___latbits                     (abs)        00002
___sp                          stack        00000
___wmul                        text17       007E3
___wmul@multiplicand           cstackCOMMON 00074
___wmul@multiplier             cstackCOMMON 00072
___wmul@product                cstackCOMMON 00076
__end_of_CheckAnalogInput      text16       00602
__end_of_CheckDigitalInput     text21       009F3
__end_of_CheckSafety           text20       016CA
__end_of_CheckTimer            text19       01800
__end_of_DelayMs               text15       01549
__end_of_DelayS                text14       0151C
__end_of_HC595_Shift           text22       01632
__end_of_InitRAM               text18       01532
__end_of_InitSYS               text13       0173D
__end_of_ProcessCyclon1        text11       00833
__end_of_ProcessFeeder1        text10       00912
__end_of_ProcessFeeder2        text9        00744
__end_of_ProcessFeeder3        text8        00BC3
__end_of_ProcessFeeder4        text7        00ADA
__end_of_ProcessFeeder5        text6        00CAC
__end_of_ProcessFeederCoex     text5        00D95
__end_of_ProcessVacumPump1     text4        0037A
__end_of_SetAnalogOutput       text3        015B8
__end_of_SetRelayOutput        text2        01675
__end_of_SetSignalOutput       text1        01000
__end_of_SetTimer              text12       007E3
__end_of___wmul                text17       00800
__end_of__initialization       cinit        0007E
__end_of_main                  maintext     0157D
__end_of_timer_int             intentry     0006A
__end_ofi1_HC595_Shift         text24       015F5
__initialization               cinit        0006C
__pbssBANK0                    bssBANK0     00020
__pbssBANK1                    bssBANK1     000A0
__pbssCOMMON                   bssCOMMON    00079
__pcstackBANK1                 cstackBANK1  000BA
__pcstackCOMMON                cstackCOMMON 00070
__pintentry                    intentry     00004
__pmaintext                    maintext     01549
__pnvBANK0                     nvBANK0      0006E
__pswtext1                     swtext1      00800
__pswtext2                     swtext2      0101E
__pswtext3                     swtext3      01000
__ptext1                       text1        00D95
__ptext10                      text10       00833
__ptext11                      text11       0080B
__ptext12                      text12       00744
__ptext13                      text13       016CA
__ptext14                      text14       01509
__ptext15                      text15       01532
__ptext16                      text16       0037A
__ptext17                      text17       007E3
__ptext18                      text18       0151C
__ptext19                      text19       0173D
__ptext2                       text2        01632
__ptext20                      text20       01675
__ptext21                      text21       00912
__ptext22                      text22       015F5
__ptext24                      text24       015B8
__ptext3                       text3        0157D
__ptext4                       text4        00082
__ptext5                       text5        00CAC
__ptext6                       text6        00BC3
__ptext7                       text7        009F3
__ptext8                       text8        00ADA
__ptext9                       text9        00602
__size_of_CheckAnalogInput     (abs)        00000
__size_of_CheckDigitalInput    (abs)        00000
__size_of_CheckSafety          (abs)        00000
__size_of_CheckTimer           (abs)        00000
__size_of_DelayMs              (abs)        00000
__size_of_DelayS               (abs)        00000
__size_of_HC595_Shift          (abs)        00000
__size_of_InitRAM              (abs)        00000
__size_of_InitSYS              (abs)        00000
__size_of_ProcessCyclon1       (abs)        00000
__size_of_ProcessFeeder1       (abs)        00000
__size_of_ProcessFeeder2       (abs)        00000
__size_of_ProcessFeeder3       (abs)        00000
__size_of_ProcessFeeder4       (abs)        00000
__size_of_ProcessFeeder5       (abs)        00000
__size_of_ProcessFeederCoex    (abs)        00000
__size_of_ProcessVacumPump1    (abs)        00000
__size_of_SetAnalogOutput      (abs)        00000
__size_of_SetRelayOutput       (abs)        00000
__size_of_SetSignalOutput      (abs)        00000
__size_of_SetTimer             (abs)        00000
__size_of___wmul               (abs)        00000
__size_of_main                 (abs)        00000
__size_of_timer_int            (abs)        00000
__size_ofi1_HC595_Shift        (abs)        00000
_activ_unit                    bssBANK0     00038
_an0_out                       bssBANK0     00020
_an1_out                       bssBANK0     00022
_an_in_pcnt                    bssBANK0     00039
_anin_tmr                      bssBANK0     0003A
_anout_tmr                     bssBANK0     0003B
_clock_tick_100ms              bssBANK0     0003C
_clock_tick_1s                 bssBANK0     0003D
_clock_tick_2s                 bssBANK0     0003E
_clock_tick_500ms              bssBANK0     0003F
_cyc1_pcnt                     bssBANK0     00040
_cyclon_flags1                 bssBANK0     00041
_delayus_variable              bssBANK0     00042
_dout_tmr                      bssBANK0     00043
_error_display_pcnt            bssBANK0     00044
_error_display_tmr             bssBANK1     000A0
_feeder1_control_delay_tmr     bssBANK1     000A2
_feeder1_flags1                bssBANK0     00045
_feeder1_pcnt                  bssBANK0     00046
_feeder1_state                 bssBANK0     00047
_feeder2_cleaning_piston_tmr   bssBANK1     000A4
_feeder2_control_delay_tmr     bssBANK1     000A6
_feeder2_flags1                bssBANK0     00048
_feeder2_pcnt                  bssBANK0     00049
_feeder2_state                 bssBANK0     0004A
_feeder3_control_delay_tmr     bssBANK1     000A8
_feeder3_flags1                bssBANK0     0004B
_feeder3_pcnt                  bssBANK0     0004C
_feeder3_state                 bssBANK0     0004D
_feeder4_charging_time         bssBANK0     00024
_feeder4_charging_tmr          bssBANK1     000AA
_feeder4_control_delay_tmr     bssBANK1     000AC
_feeder4_flags1                bssBANK0     0004E
_feeder4_pcnt                  bssBANK0     0004F
_feeder4_state                 bssBANK0     00050
_feeder5_control_delay_tmr     bssBANK1     000AE
_feeder5_flags1                bssBANK0     00051
_feeder5_pcnt                  bssBANK0     00052
_feeder5_state                 bssBANK0     00053
_feeder_coex_control_delay_tmr bssBANK1     000B0
_feeder_coex_flags1            bssBANK0     00054
_feeder_coex_pcnt              bssBANK0     00055
_feeder_coex_state             bssBANK0     00056
_feeder_state_change_tmr       bssBANK1     000B2
_hc595_shift                   nvBANK0      0006E
_input_0_7                     bssBANK0     00057
_input_16_23                   bssBANK0     00058
_input_24_31                   bssBANK0     00059
_input_8_15                    bssBANK0     0005A
_main                          maintext     01549
_max_charging_time             bssBANK0     00026
_max_charging_tmr              bssBANK1     000B4
_mill_shutdown_delay           bssBANK0     00028
_mill_shutdown_delay_tmr       bssBANK0     0002A
_output_0_7                    bssBANK0     0005B
_output_8_15                   bssBANK0     0005C
_piston_tmr                    bssBANK0     0002C
_relay_pcnt                    bssBANK0     0005D
_signal_0_7                    bssBANK0     0005E
_signal_8_15                   bssBANK0     0005F
_sigout_pcnt                   bssBANK0     00060
_sigout_tmr                    bssBANK0     00061
_system_flags2                 bssBANK0     00062
_systeml_flags1                bssCOMMON    00079
_taster_flags1                 bssBANK0     00063
_taster_flags2                 bssBANK0     00064
_temp                          bssBANK0     00065
_test_cnt                      bssBANK0     00066
_timer                         bssBANK0     00067
_timer_flags1                  bssCOMMON    0007A
_timer_flags2                  bssBANK0     00068
_timer_flags3                  bssBANK0     00069
_timer_int                     intentry     00004
_vacum_pump1_flags1            bssCOMMON    0007B
_vacum_pump1_flags2            bssBANK0     0006A
_vacum_pump1_state             bssBANK0     0006B
_vp1_cl_pcnt                   bssBANK0     0006C
_vp1_cleaning_cnt              bssBANK1     000B6
_vp1_cleaning_cycles           bssBANK0     0002E
_vp1_control_delay_tmr         bssBANK1     000B8
_vp1_delay_time                bssBANK0     00030
_vp1_idle_speed                bssBANK0     00032
_vp1_pcnt                      bssBANK0     0006D
_vp1_production_speed          bssBANK0     00034
_vp1_tmr                       bssBANK0     00036
btemp                          (abs)        0007E
clear_ram0                     clrtext      01503
end_of_initialization          cinit        0007E
i1_HC595_Shift                 text24       015B8
intlevel0                      functab      00000
intlevel1                      functab      00000
intlevel2                      functab      00000
intlevel3                      functab      00000
intlevel4                      functab      00000
intlevel5                      functab      00000
ltemp                          (abs)        0007E
ltemp0                         (abs)        0007E
ltemp1                         (abs)        00082
ltemp2                         (abs)        00086
ltemp3                         (abs)        00080
pic14e$flags                   (abs)        0007E
reset_vec                      reset_vec    00000
stackhi                        (abs)        021EF
stacklo                        (abs)        0206C
start                          init         0006A
start_initialization           cinit        0006C
ttemp                          (abs)        0007E
ttemp0                         (abs)        0007E
ttemp1                         (abs)        00081
ttemp2                         (abs)        00084
ttemp3                         (abs)        00087
ttemp4                         (abs)        0007F
wtemp                          (abs)        0007E
wtemp0                         (abs)        0007E
wtemp1                         (abs)        00080
wtemp2                         (abs)        00082
wtemp3                         (abs)        00084
wtemp4                         (abs)        00086
wtemp5                         (abs)        00088
wtemp6                         (abs)        0007F


FUNCTION INFORMATION:

 *************** function _main *****************
 Defined at:
		line 92 in file "trans_ctrl.c"
 Parameters:    Size  Location     Type
		None
 Auto vars:     Size  Location     Type
		None
 Return value:  Size  Location     Type
		None               void
 Registers used:
		wreg, fsr0l, fsr0h, status,2, status,0, pclath, cstack
 Tracked objects:
		On entry : 
		On exit  : 
		Unchanged: 
 Data sizes:     COMMON   BANK0   BANK1   BANK2   BANK3   BANK4   BANK5   BANK6
      Params:         0       0       0       0       0       0       0       0
      Locals:         0       0       0       0       0       0       0       0
      Temps:          0       0       0       0       0       0       0       0
      Totals:         0       0       0       0       0       0       0       0
Total ram usage:        0 bytes
 Hardware stack levels required when called:    5
 This function calls:
		_CheckAnalogInput
		_CheckDigitalInput
		_CheckSafety
		_CheckTimer
		_InitRAM
		_InitSYS
		_ProcessCyclon1
		_ProcessFeeder1
		_ProcessFeeder2
		_ProcessFeeder3
		_ProcessFeeder4
		_ProcessFeeder5
		_ProcessFeederCoex
		_ProcessVacumPump1
		_SetAnalogOutput
		_SetRelayOutput
		_SetSignalOutput
 This function is called by:
		Startup code after reset
 This function uses a non-reentrant model


 *************** function _SetSignalOutput *****************
 Defined at:
		line 446 in file "trans_ctrl.c"
 Parameters:    Size  Location     Type
		None
 Auto vars:     Size  Location     Type
		None
 Return value:  Size  Location     Type
		None               void
 Registers used:
		wreg, fsr0l, fsr0h, status,2, status,0, pclath, cstack
 Tracked objects:
		On entry : 
		On exit  : 
		Unchanged: 
 Data sizes:     COMMON   BANK0   BANK1   BANK2   BANK3   BANK4   BANK5   BANK6
      Params:         0       0       0       0       0       0       0       0
      Locals:         0       0       0       0       0       0       0       0
      Temps:          1       0       0       0       0       0       0       0
      Totals:         1       0       0       0       0       0       0       0
Total ram usage:        1 bytes
 Hardware stack levels used:    1
 Hardware stack levels required when called:    3
 This function calls:
		_HC595_Shift
		_SetTimer
 This function is called by:
		_main
 This function uses a non-reentrant model


 *************** function _SetRelayOutput *****************
 Defined at:
		line 404 in file "trans_ctrl.c"
 Parameters:    Size  Location     Type
		None
 Auto vars:     Size  Location     Type
		None
 Return value:  Size  Location     Type
		None               void
 Registers used:
		wreg, status,2, status,0, pclath, cstack
 Tracked objects:
		On entry : 
		On exit  : 
		Unchanged: 
 Data sizes:     COMMON   BANK0   BANK1   BANK2   BANK3   BANK4   BANK5   BANK6
      Params:         0       0       0       0       0       0       0       0
      Locals:         0       0       0       0       0       0       0       0
      Temps:          1       0       0       0       0       0       0       0
      Totals:         1       0       0       0       0       0       0       0
Total ram usage:        1 bytes
 Hardware stack levels used:    1
 Hardware stack levels required when called:    3
 This function calls:
		_HC595_Shift
 This function is called by:
		_main
 This function uses a non-reentrant model


 *************** function _SetAnalogOutput *****************
 Defined at:
		line 428 in file "trans_ctrl.c"
 Parameters:    Size  Location     Type
		None
 Auto vars:     Size  Location     Type
		None
 Return value:  Size  Location     Type
		None               void
 Registers used:
		wreg, status,2, status,0
 Tracked objects:
		On entry : 
		On exit  : 
		Unchanged: 
 Data sizes:     COMMON   BANK0   BANK1   BANK2   BANK3   BANK4   BANK5   BANK6
      Params:         0       0       0       0       0       0       0       0
      Locals:         0       0       0       0       0       0       0       0
      Temps:          2       0       0       0       0       0       0       0
      Totals:         2       0       0       0       0       0       0       0
Total ram usage:        2 bytes
 Hardware stack levels used:    1
 Hardware stack levels required when called:    2
 This function calls:
		Nothing
 This function is called by:
		_main
 This function uses a non-reentrant model


 *************** function _ProcessVacumPump1 *****************
 Defined at:
		line 1492 in file "trans_ctrl.c"
 Parameters:    Size  Location     Type
		None
 Auto vars:     Size  Location     Type
		None
 Return value:  Size  Location     Type
		None               void
 Registers used:
		wreg, fsr0l, fsr0h, status,2, status,0, pclath, cstack
 Tracked objects:
		On entry : 
		On exit  : 
		Unchanged: 
 Data sizes:     COMMON   BANK0   BANK1   BANK2   BANK3   BANK4   BANK5   BANK6
      Params:         0       0       0       0       0       0       0       0
      Locals:         0       0       0       0       0       0       0       0
      Temps:          1       0       0       0       0       0       0       0
      Totals:         1       0       0       0       0       0       0       0
Total ram usage:        1 bytes
 Hardware stack levels used:    1
 Hardware stack levels required when called:    3
 This function calls:
		_SetTimer
 This function is called by:
		_main
 This function uses a non-reentrant model


 *************** function _ProcessFeederCoex *****************
 Defined at:
		line 1399 in file "trans_ctrl.c"
 Parameters:    Size  Location     Type
		None
 Auto vars:     Size  Location     Type
		None
 Return value:  Size  Location     Type
		None               void
 Registers used:
		wreg, fsr0l, fsr0h, status,2, status,0, pclath, cstack
 Tracked objects:
		On entry : 
		On exit  : 
		Unchanged: 
 Data sizes:     COMMON   BANK0   BANK1   BANK2   BANK3   BANK4   BANK5   BANK6
      Params:         0       0       0       0       0       0       0       0
      Locals:         0       0       0       0       0       0       0       0
      Temps:          1       0       0       0       0       0       0       0
      Totals:         1       0       0       0       0       0       0       0
Total ram usage:        1 bytes
 Hardware stack levels used:    1
 Hardware stack levels required when called:    3
 This function calls:
		_SetTimer
 This function is called by:
		_main
 This function uses a non-reentrant model


 *************** function _ProcessFeeder5 *****************
 Defined at:
		line 1323 in file "trans_ctrl.c"
 Parameters:    Size  Location     Type
		None
 Auto vars:     Size  Location     Type
		None
 Return value:  Size  Location     Type
		None               void
 Registers used:
		wreg, fsr0l, fsr0h, status,2, status,0, pclath, cstack
 Tracked objects:
		On entry : 
		On exit  : 
		Unchanged: 
 Data sizes:     COMMON   BANK0   BANK1   BANK2   BANK3   BANK4   BANK5   BANK6
      Params:         0       0       0       0       0       0       0       0
      Locals:         0       0       0       0       0       0       0       0
      Temps:          1       0       0       0       0       0       0       0
      Totals:         1       0       0       0       0       0       0       0
Total ram usage:        1 bytes
 Hardware stack levels used:    1
 Hardware stack levels required when called:    3
 This function calls:
		_SetTimer
 This function is called by:
		_main
 This function uses a non-reentrant model


 *************** function _ProcessFeeder4 *****************
 Defined at:
		line 1250 in file "trans_ctrl.c"
 Parameters:    Size  Location     Type
		None
 Auto vars:     Size  Location     Type
		None
 Return value:  Size  Location     Type
		None               void
 Registers used:
		wreg, fsr0l, fsr0h, status,2, status,0, pclath, cstack
 Tracked objects:
		On entry : 
		On exit  : 
		Unchanged: 
 Data sizes:     COMMON   BANK0   BANK1   BANK2   BANK3   BANK4   BANK5   BANK6
      Params:         0       0       0       0       0       0       0       0
      Locals:         0       0       0       0       0       0       0       0
      Temps:          1       0       0       0       0       0       0       0
      Totals:         1       0       0       0       0       0       0       0
Total ram usage:        1 bytes
 Hardware stack levels used:    1
 Hardware stack levels required when called:    3
 This function calls:
		_SetTimer
 This function is called by:
		_main
 This function uses a non-reentrant model


 *************** function _ProcessFeeder3 *****************
 Defined at:
		line 1174 in file "trans_ctrl.c"
 Parameters:    Size  Location     Type
		None
 Auto vars:     Size  Location     Type
		None
 Return value:  Size  Location     Type
		None               void
 Registers used:
		wreg, fsr0l, fsr0h, status,2, status,0, pclath, cstack
 Tracked objects:
		On entry : 
		On exit  : 
		Unchanged: 
 Data sizes:     COMMON   BANK0   BANK1   BANK2   BANK3   BANK4   BANK5   BANK6
      Params:         0       0       0       0       0       0       0       0
      Locals:         0       0       0       0       0       0       0       0
      Temps:          1       0       0       0       0       0       0       0
      Totals:         1       0       0       0       0       0       0       0
Total ram usage:        1 bytes
 Hardware stack levels used:    1
 Hardware stack levels required when called:    3
 This function calls:
		_SetTimer
 This function is called by:
		_main
 This function uses a non-reentrant model


 *************** function _ProcessFeeder2 *****************
 Defined at:
		line 1079 in file "trans_ctrl.c"
 Parameters:    Size  Location     Type
		None
 Auto vars:     Size  Location     Type
		None
 Return value:  Size  Location     Type
		None               void
 Registers used:
		wreg, fsr0l, fsr0h, status,2, status,0, pclath, cstack
 Tracked objects:
		On entry : 
		On exit  : 
		Unchanged: 
 Data sizes:     COMMON   BANK0   BANK1   BANK2   BANK3   BANK4   BANK5   BANK6
      Params:         0       0       0       0       0       0       0       0
      Locals:         0       0       0       0       0       0       0       0
      Temps:          1       0       0       0       0       0       0       0
      Totals:         1       0       0       0       0       0       0       0
Total ram usage:        1 bytes
 Hardware stack levels used:    1
 Hardware stack levels required when called:    3
 This function calls:
		_SetTimer
 This function is called by:
		_main
 This function uses a non-reentrant model


 *************** function _ProcessFeeder1 *****************
 Defined at:
		line 1003 in file "trans_ctrl.c"
 Parameters:    Size  Location     Type
		None
 Auto vars:     Size  Location     Type
		None
 Return value:  Size  Location     Type
		None               void
 Registers used:
		wreg, fsr0l, fsr0h, status,2, status,0, pclath, cstack
 Tracked objects:
		On entry : 
		On exit  : 
		Unchanged: 
 Data sizes:     COMMON   BANK0   BANK1   BANK2   BANK3   BANK4   BANK5   BANK6
      Params:         0       0       0       0       0       0       0       0
      Locals:         0       0       0       0       0       0       0       0
      Temps:          1       0       0       0       0       0       0       0
      Totals:         1       0       0       0       0       0       0       0
Total ram usage:        1 bytes
 Hardware stack levels used:    1
 Hardware stack levels required when called:    3
 This function calls:
		_SetTimer
 This function is called by:
		_main
 This function uses a non-reentrant model


 *************** function _ProcessCyclon1 *****************
 Defined at:
		line 1475 in file "trans_ctrl.c"
 Parameters:    Size  Location     Type
		None
 Auto vars:     Size  Location     Type
		None
 Return value:  Size  Location     Type
		None               void
 Registers used:
		wreg, fsr0l, fsr0h, status,2, status,0, pclath, cstack
 Tracked objects:
		On entry : 
		On exit  : 
		Unchanged: 
 Data sizes:     COMMON   BANK0   BANK1   BANK2   BANK3   BANK4   BANK5   BANK6
      Params:         0       0       0       0       0       0       0       0
      Locals:         0       0       0       0       0       0       0       0
      Temps:          1       0       0       0       0       0       0       0
      Totals:         1       0       0       0       0       0       0       0
Total ram usage:        1 bytes
 Hardware stack levels used:    1
 Hardware stack levels required when called:    3
 This function calls:
		_SetTimer
 This function is called by:
		_main
 This function uses a non-reentrant model


 *************** function _SetTimer *****************
 Defined at:
		line 847 in file "trans_ctrl.c"
 Parameters:    Size  Location     Type
  timer_for_se    2    2[COMMON] int 
  period          2    4[COMMON] unsigned int 
 Auto vars:     Size  Location     Type
		None
 Return value:  Size  Location     Type
		None               void
 Registers used:
		wreg, fsr0l, fsr0h, status,2, status,0
 Tracked objects:
		On entry : 
		On exit  : 
		Unchanged: 
 Data sizes:     COMMON   BANK0   BANK1   BANK2   BANK3   BANK4   BANK5   BANK6
      Params:         4       0       0       0       0       0       0       0
      Locals:         0       0       0       0       0       0       0       0
      Temps:          0       0       0       0       0       0       0       0
      Totals:         4       0       0       0       0       0       0       0
Total ram usage:        4 bytes
 Hardware stack levels used:    1
 Hardware stack levels required when called:    2
 This function calls:
		Nothing
 This function is called by:
		_SetSignalOutput
		_ProcessFeeder1
		_ProcessFeeder2
		_ProcessFeeder3
		_ProcessFeeder4
		_ProcessFeeder5
		_ProcessFeederCoex
		_ProcessCyclon1
		_ProcessVacumPump1
 This function uses a non-reentrant model


 *************** function _InitSYS *****************
 Defined at:
		line 135 in file "trans_ctrl.c"
 Parameters:    Size  Location     Type
		None
 Auto vars:     Size  Location     Type
		None
 Return value:  Size  Location     Type
		None               void
 Registers used:
		wreg, status,2, status,0, pclath, cstack
 Tracked objects:
		On entry : 
		On exit  : 
		Unchanged: 
 Data sizes:     COMMON   BANK0   BANK1   BANK2   BANK3   BANK4   BANK5   BANK6
      Params:         0       0       0       0       0       0       0       0
      Locals:         0       0       0       0       0       0       0       0
      Temps:          1       0       0       0       0       0       0       0
      Totals:         1       0       0       0       0       0       0       0
Total ram usage:        1 bytes
 Hardware stack levels used:    1
 Hardware stack levels required when called:    4
 This function calls:
		_CheckAnalogInput
		_DelayS
		_HC595_Shift
 This function is called by:
		_main
 This function uses a non-reentrant model


 *************** function _DelayS *****************
 Defined at:
		line 78 in file "delay.c"
 Parameters:    Size  Location     Type
  cnt             1    wreg     unsigned char 
 Auto vars:     Size  Location     Type
  cnt             1    6[COMMON] unsigned char 
  i               1    7[COMMON] unsigned char 
 Return value:  Size  Location     Type
		None               void
 Registers used:
		wreg, status,2, status,0, pclath, cstack
 Tracked objects:
		On entry : 
		On exit  : 
		Unchanged: 
 Data sizes:     COMMON   BANK0   BANK1   BANK2   BANK3   BANK4   BANK5   BANK6
      Params:         0       0       0       0       0       0       0       0
      Locals:         2       0       0       0       0       0       0       0
      Temps:          1       0       0       0       0       0       0       0
      Totals:         3       0       0       0       0       0       0       0
Total ram usage:        3 bytes
 Hardware stack levels used:    1
 Hardware stack levels required when called:    3
 This function calls:
		_DelayMs
 This function is called by:
		_InitSYS
 This function uses a non-reentrant model


 *************** function _DelayMs *****************
 Defined at:
		line 44 in file "delay.c"
 Parameters:    Size  Location     Type
  cnt             1    wreg     unsigned char 
 Auto vars:     Size  Location     Type
  cnt             1    3[COMMON] unsigned char 
  i               1    4[COMMON] unsigned char 
 Return value:  Size  Location     Type
		None               void
 Registers used:
		wreg, status,2, status,0
 Tracked objects:
		On entry : 
		On exit  : 
		Unchanged: 
 Data sizes:     COMMON   BANK0   BANK1   BANK2   BANK3   BANK4   BANK5   BANK6
      Params:         0       0       0       0       0       0       0       0
      Locals:         2       0       0       0       0       0       0       0
      Temps:          1       0       0       0       0       0       0       0
      Totals:         3       0       0       0       0       0       0       0
Total ram usage:        3 bytes
 Hardware stack levels used:    1
 Hardware stack levels required when called:    2
 This function calls:
		Nothing
 This function is called by:
		_DelayS
 This function uses a non-reentrant model


 *************** function _CheckAnalogInput *****************
 Defined at:
		line 316 in file "trans_ctrl.c"
 Parameters:    Size  Location     Type
		None
 Auto vars:     Size  Location     Type
		None
 Return value:  Size  Location     Type
		None               void
 Registers used:
		wreg, status,2, status,0, pclath, cstack
 Tracked objects:
		On entry : 
		On exit  : 
		Unchanged: 
 Data sizes:     COMMON   BANK0   BANK1   BANK2   BANK3   BANK4   BANK5   BANK6
      Params:         0       0       0       0       0       0       0       0
      Locals:         0       0       0       0       0       0       0       0
      Temps:          0       0       2       0       0       0       0       0
      Totals:         0       0       2       0       0       0       0       0
Total ram usage:        2 bytes
 Hardware stack levels used:    1
 Hardware stack levels required when called:    3
 This function calls:
		___wmul
 This function is called by:
		_main
		_InitSYS
 This function uses a non-reentrant model


 *************** function ___wmul *****************
 Defined at:
		line 15 in file "C:\Program Files (x86)\Microchip\xc8\v1.33\sources\common\Umul16.c"
 Parameters:    Size  Location     Type
  multiplier      2    2[COMMON] unsigned int 
  multiplicand    2    4[COMMON] unsigned int 
 Auto vars:     Size  Location     Type
  product         2    6[COMMON] unsigned int 
 Return value:  Size  Location     Type
                  2    2[COMMON] unsigned int 
 Registers used:
		wreg, status,2, status,0
 Tracked objects:
		On entry : 
		On exit  : 
		Unchanged: 
 Data sizes:     COMMON   BANK0   BANK1   BANK2   BANK3   BANK4   BANK5   BANK6
      Params:         4       0       0       0       0       0       0       0
      Locals:         2       0       0       0       0       0       0       0
      Temps:          0       0       0       0       0       0       0       0
      Totals:         6       0       0       0       0       0       0       0
Total ram usage:        6 bytes
 Hardware stack levels used:    1
 Hardware stack levels required when called:    2
 This function calls:
		Nothing
 This function is called by:
		_CheckAnalogInput
 This function uses a non-reentrant model


 *************** function _InitRAM *****************
 Defined at:
		line 118 in file "trans_ctrl.c"
 Parameters:    Size  Location     Type
		None
 Auto vars:     Size  Location     Type
		None
 Return value:  Size  Location     Type
		None               void
 Registers used:
		wreg, status,2, status,0
 Tracked objects:
		On entry : 
		On exit  : 
		Unchanged: 
 Data sizes:     COMMON   BANK0   BANK1   BANK2   BANK3   BANK4   BANK5   BANK6
      Params:         0       0       0       0       0       0       0       0
      Locals:         0       0       0       0       0       0       0       0
      Temps:          1       0       0       0       0       0       0       0
      Totals:         1       0       0       0       0       0       0       0
Total ram usage:        1 bytes
 Hardware stack levels used:    1
 Hardware stack levels required when called:    2
 This function calls:
		Nothing
 This function is called by:
		_main
 This function uses a non-reentrant model


 *************** function _CheckTimer *****************
 Defined at:
		line 166 in file "trans_ctrl.c"
 Parameters:    Size  Location     Type
		None
 Auto vars:     Size  Location     Type
		None
 Return value:  Size  Location     Type
		None               void
 Registers used:
		wreg
 Tracked objects:
		On entry : 
		On exit  : 
		Unchanged: 
 Data sizes:     COMMON   BANK0   BANK1   BANK2   BANK3   BANK4   BANK5   BANK6
      Params:         0       0       0       0       0       0       0       0
      Locals:         0       0       0       0       0       0       0       0
      Temps:          0       0       0       0       0       0       0       0
      Totals:         0       0       0       0       0       0       0       0
Total ram usage:        0 bytes
 Hardware stack levels used:    1
 Hardware stack levels required when called:    2
 This function calls:
		Nothing
 This function is called by:
		_main
 This function uses a non-reentrant model


 *************** function _CheckSafety *****************
 Defined at:
		line 961 in file "trans_ctrl.c"
 Parameters:    Size  Location     Type
		None
 Auto vars:     Size  Location     Type
		None
 Return value:  Size  Location     Type
		None               void
 Registers used:
		wreg, status,2, status,0
 Tracked objects:
		On entry : 
		On exit  : 
		Unchanged: 
 Data sizes:     COMMON   BANK0   BANK1   BANK2   BANK3   BANK4   BANK5   BANK6
      Params:         0       0       0       0       0       0       0       0
      Locals:         0       0       0       0       0       0       0       0
      Temps:          1       0       0       0       0       0       0       0
      Totals:         1       0       0       0       0       0       0       0
Total ram usage:        1 bytes
 Hardware stack levels used:    1
 Hardware stack levels required when called:    2
 This function calls:
		Nothing
 This function is called by:
		_main
 This function uses a non-reentrant model


 *************** function _CheckDigitalInput *****************
 Defined at:
		line 249 in file "trans_ctrl.c"
 Parameters:    Size  Location     Type
		None
 Auto vars:     Size  Location     Type
		None
 Return value:  Size  Location     Type
		None               void
 Registers used:
		wreg, status,2, status,0, pclath, cstack
 Tracked objects:
		On entry : 
		On exit  : 
		Unchanged: 
 Data sizes:     COMMON   BANK0   BANK1   BANK2   BANK3   BANK4   BANK5   BANK6
      Params:         0       0       0       0       0       0       0       0
      Locals:         0       0       0       0       0       0       0       0
      Temps:          2       0       0       0       0       0       0       0
      Totals:         2       0       0       0       0       0       0       0
Total ram usage:        2 bytes
 Hardware stack levels used:    1
 Hardware stack levels required when called:    3
 This function calls:
		_HC595_Shift
 This function is called by:
		_main
 This function uses a non-reentrant model


 *************** function _HC595_Shift *****************
 Defined at:
		line 930 in file "trans_ctrl.c"
 Parameters:    Size  Location     Type
		None
 Auto vars:     Size  Location     Type
		None
 Return value:  Size  Location     Type
		None               void
 Registers used:
		None
 Tracked objects:
		On entry : 
		On exit  : 
		Unchanged: 
 Data sizes:     COMMON   BANK0   BANK1   BANK2   BANK3   BANK4   BANK5   BANK6
      Params:         0       0       0       0       0       0       0       0
      Locals:         0       0       0       0       0       0       0       0
      Temps:          0       0       0       0       0       0       0       0
      Totals:         0       0       0       0       0       0       0       0
Total ram usage:        0 bytes
 Hardware stack levels used:    1
 Hardware stack levels required when called:    2
 This function calls:
		Nothing
 This function is called by:
		_InitSYS
		_CheckDigitalInput
		_SetRelayOutput
		_SetSignalOutput
 This function uses a non-reentrant model


 *************** function _timer_int *****************
 Defined at:
		line 37 in file "trans_ctrl.c"
 Parameters:    Size  Location     Type
		None
 Auto vars:     Size  Location     Type
		None
 Return value:  Size  Location     Type
		None               void
 Registers used:
		wreg, status,2, status,0, pclath, cstack
 Tracked objects:
		On entry : 
		On exit  : 
		Unchanged: 
 Data sizes:     COMMON   BANK0   BANK1   BANK2   BANK3   BANK4   BANK5   BANK6
      Params:         0       0       0       0       0       0       0       0
      Locals:         0       0       0       0       0       0       0       0
      Temps:          2       0       0       0       0       0       0       0
      Totals:         2       0       0       0       0       0       0       0
Total ram usage:        2 bytes
 Hardware stack levels used:    1
 Hardware stack levels required when called:    1
 This function calls:
		i1_HC595_Shift
 This function is called by:
		Interrupt level 1
 This function uses a non-reentrant model


 *************** function i1_HC595_Shift *****************
 Defined at:
		line 930 in file "trans_ctrl.c"
 Parameters:    Size  Location     Type
		None
 Auto vars:     Size  Location     Type
		None
 Return value:  Size  Location     Type
		None               void
 Registers used:
		None
 Tracked objects:
		On entry : 
		On exit  : 
		Unchanged: 
 Data sizes:     COMMON   BANK0   BANK1   BANK2   BANK3   BANK4   BANK5   BANK6
      Params:         0       0       0       0       0       0       0       0
      Locals:         0       0       0       0       0       0       0       0
      Temps:          0       0       0       0       0       0       0       0
      Totals:         0       0       0       0       0       0       0       0
Total ram usage:        0 bytes
 Hardware stack levels used:    1
 This function calls:
		Nothing
 This function is called by:
		_timer_int
 This function uses a non-reentrant model



MODULE INFORMATION

Module		Function		Class		Link	Load	Size
delay.c
		_DelayS        		CODE           	1509	0000	19
		_DelayMs       		CODE           	1532	0000	23

delay.c estimated size: 42

trans_ctrl.c
		_SetSignalOutpu		CODE           	0D95	0000	619
		_ProcessFeederC		CODE           	0CAC	0000	233
		_InitRAM       		CODE           	151C	0000	22
		_main          		CODE           	1549	0000	52
		_CheckDigitalIn		CODE           	0912	0000	225
		_SetTimer      		CODE           	0744	0000	159
		_HC595_Shift   		CODE           	15F5	0000	61
		_ProcessVacumPu		CODE           	0082	0000	760
		_CheckTimer    		CODE           	173D	0000	195
		_timer_int     		CODE           	0004	0000	102
		_CheckAnalogInp		CODE           	037A	0000	648
		_CheckSafety   		CODE           	1675	0000	85
		_InitSYS       		CODE           	16CA	0000	115
		_SetRelayOutput		CODE           	1632	0000	67
		_SetAnalogOutpu		CODE           	157D	0000	59
		_ProcessFeeder1		CODE           	0833	0000	223
		_ProcessFeeder2		CODE           	0602	0000	322
		_ProcessCyclon1		CODE           	080B	0000	40
		_ProcessFeeder3		CODE           	0ADA	0000	233
		_ProcessFeeder4		CODE           	09F3	0000	231
		_ProcessFeeder5		CODE           	0BC3	0000	233

trans_ctrl.c estimated size: 4684

C:\Program Files (x86)\Microchip\xc8\v1.33\sources\common\Umul16.c
		___wmul        		CODE           	07E3	0000	29

C:\Program Files (x86)\Microchip\xc8\v1.33\sources\common\Umul16.c estimated size: 29

shared
		__initializatio		CODE           	006C	0000	18
		i1_HC595_Shift 		CODE           	15B8	0000	61

shared estimated size: 79

